./../aithinker_Ai-M6X_SDK/tools/cmake/bin/cmake.exe -S . -B build -G "MinGW Makefiles" -DCROSS_COMPILE=riscv64-unknown-elf- -DCHIP=bl616 -DCPU_ID= -DBOARD=bl616dk -DBOARD_DIR= -DCONFIG_DEBUG=y -DCONFIG_ROMAPI=y -DCONFIG_USB_HS=y -DCONFIG_COMX=/dev/ttyUSB0 -DCMAKE_EXPORT_COMPILE_COMMANDS=OFF -DCONFIG_TLSF=y
-- [register library : mbedtls], path:D:/AiPi-Open-Kits/aithinker_Ai-M6X_SDK/components/crypto/mbedtls
-- [register library : libc], path:D:/AiPi-Open-Kits/aithinker_Ai-M6X_SDK/components/libc
-- [register library : mm], path:D:/AiPi-Open-Kits/aithinker_Ai-M6X_SDK/components/mm
-- [register library : lwip], path:D:/AiPi-Open-Kits/aithinker_Ai-M6X_SDK/components/net/lwip/lwip
-- [register library : dhcpd], path:D:/AiPi-Open-Kits/aithinker_Ai-M6X_SDK/components/net/lwip/lwip_apps/dhcpd
-- [register library : ping], path:D:/AiPi-Open-Kits/aithinker_Ai-M6X_SDK/components/net/lwip/lwip_apps/ping
-- [register library : freertos], path:D:/AiPi-Open-Kits/aithinker_Ai-M6X_SDK/components/os/freertos
-- [register library : utils], path:D:/AiPi-Open-Kits/aithinker_Ai-M6X_SDK/components/utils
-- [register extern library : libwifi6], path:D:/AiPi-Open-Kits/aithinker_Ai-M6X_SDK/components/wireless/wifi6
-- [register library : bl6_os_adapter], path:D:/AiPi-Open-Kits/aithinker_Ai-M6X_SDK/components/wireless/wifi6/bl6_os_adapter
-- [register library : easyflash4], path:D:/AiPi-Open-Kits/aithinker_Ai-M6X_SDK/components/easyflash4
-- [register library : lhal], path:D:/AiPi-Open-Kits/aithinker_Ai-M6X_SDK/drivers/lhal
-- [register extern library : libcsi_xt900p32f_dsp], path:D:/AiPi-Open-Kits/aithinker_Ai-M6X_SDK/drivers/lhal
-- [register extern library : libpka], path:D:/AiPi-Open-Kits/aithinker_Ai-M6X_SDK/drivers/lhal
-- [register library : std], path:D:/AiPi-Open-Kits/aithinker_Ai-M6X_SDK/drivers/soc/bl616/std
-- [register extern library : librf], path:D:/AiPi-Open-Kits/aithinker_Ai-M6X_SDK/drivers/soc/bl616/rf
-- [register library : rfparam], path:D:/AiPi-Open-Kits/aithinker_Ai-M6X_SDK/drivers/rfparam
-- Configuring done
-- Generating done
-- Build files have been written to: D:/AiPi-Open-Kits/AiPi-Voice-Assistant-V2/build
make -C build -j8
[  3%] Built target app
[ 10%] Built target std
[ 39%] Built target mbedtls
[ 40%] Built target mm
[ 57%] Built target libc
[ 70%] Built target lwip
[ 71%] Built target dhcpd
[ 72%] Built target ping
[ 75%] Built target utils
[ 82%] Built target freertos
[ 83%] Built target bl6_os_adapter
[ 96%] Built target lhal
[ 99%] Built target easyflash4
[100%] Built target rfparam
[100%] Linking C executable build_out\AiPi-Voice-Assistant-V2_bl616.elf
make : d:/aipi-open-kits/aithinker_ai-m6x_sdk/too
lchain_gcc_t-head_windows/bin/../lib/gcc/riscv64-
unknown-elf/10.2.0/../../../../riscv64-unknown-el
f/bin/ld.exe: build_out\lib\libapp.a(main.c.obj):
 in function `dma0_ch0_isr':
所在位置 行:1 字符: 1
+ make > build_output.txt 2>&1
+ ~~~~~~~~~~~~~~~~~~~~~~~~~~~~
    + CategoryInfo          : NotSpecified: (d:/ 
   aipi-open-ki...`dma0_ch0_isr'::String) [], R  
  emoteException
    + FullyQualifiedErrorId : NativeCommandError
 
D:\AiPi-Open-Kits\AiPi-Voice-Assistant-V2/main.c:
59: multiple definition of `dma0_ch0_isr'; CMakeF
iles/AiPi-Voice-Assistant-V2_bl616.elf.dir/main.c
.obj:D:\AiPi-Open-Kits\AiPi-Voice-Assistant-V2/ma
in.c:59: first defined here
d:/aipi-open-kits/aithinker_ai-m6x_sdk/toolchain_
gcc_t-head_windows/bin/../lib/gcc/riscv64-unknown
-elf/10.2.0/../../../../riscv64-unknown-elf/bin/l
d.exe: build_out\lib\libapp.a(main.c.obj): in fun
ction `init_i2s_gpio':
D:\AiPi-Open-Kits\AiPi-Voice-Assistant-V2/main.c:
68: multiple definition of `init_i2s_gpio'; CMake
Files/AiPi-Voice-Assistant-V2_bl616.elf.dir/main.
c.obj:D:\AiPi-Open-Kits\AiPi-Voice-Assistant-V2/m
ain.c:68: first defined here
d:/aipi-open-kits/aithinker_ai-m6x_sdk/toolchain_
gcc_t-head_windows/bin/../lib/gcc/riscv64-unknown
-elf/10.2.0/../../../../riscv64-unknown-elf/bin/l
d.exe: build_out\lib\libapp.a(main.c.obj): in fun
ction `init_mclk':
D:\AiPi-Open-Kits\AiPi-Voice-Assistant-V2/main.c:
87: multiple definition of `init_mclk'; CMakeFile
s/AiPi-Voice-Assistant-V2_bl616.elf.dir/main.c.ob
j:D:\AiPi-Open-Kits\AiPi-Voice-Assistant-V2/main.
c:87: first defined here
d:/aipi-open-kits/aithinker_ai-m6x_sdk/toolchain_
gcc_t-head_windows/bin/../lib/gcc/riscv64-unknown
-elf/10.2.0/../../../../riscv64-unknown-elf/bin/l
d.exe: build_out\lib\libapp.a(main.c.obj): in fun
ction `init_i2s':
D:\AiPi-Open-Kits\AiPi-Voice-Assistant-V2/main.c:
95: multiple definition of `init_i2s'; CMakeFiles
/AiPi-Voice-Assistant-V2_bl616.elf.dir/main.c.obj
:D:\AiPi-Open-Kits\AiPi-Voice-Assistant-V2/main.c
:95: first defined here
d:/aipi-open-kits/aithinker_ai-m6x_sdk/toolchain_
gcc_t-head_windows/bin/../lib/gcc/riscv64-unknown
-elf/10.2.0/../../../../riscv64-unknown-elf/bin/l
d.exe: build_out\lib\libapp.a(main.c.obj): in fun
ction `init_dma_rx':
D:\AiPi-Open-Kits\AiPi-Voice-Assistant-V2/main.c:
120: multiple definition of `init_dma_rx'; CMakeF
iles/AiPi-Voice-Assistant-V2_bl616.elf.dir/main.c
.obj:D:\AiPi-Open-Kits\AiPi-Voice-Assistant-V2/ma
in.c:120: first defined here
d:/aipi-open-kits/aithinker_ai-m6x_sdk/toolchain_
gcc_t-head_windows/bin/../lib/gcc/riscv64-unknown
-elf/10.2.0/../../../../riscv64-unknown-elf/bin/l
d.exe: build_out\lib\libapp.a(main.c.obj): in fun
ction `start_recording':
D:\AiPi-Open-Kits\AiPi-Voice-Assistant-V2/main.c:
141: multiple definition of `start_recording'; CM
akeFiles/AiPi-Voice-Assistant-V2_bl616.elf.dir/ma
in.c.obj:D:\AiPi-Open-Kits\AiPi-Voice-Assistant-V
2/main.c:141: first defined here
d:/aipi-open-kits/aithinker_ai-m6x_sdk/toolchain_
gcc_t-head_windows/bin/../lib/gcc/riscv64-unknown
-elf/10.2.0/../../../../riscv64-unknown-elf/bin/l
d.exe: build_out\lib\libapp.a(main.c.obj): in fun
ction `wifi_start_firmware_task':
D:\AiPi-Open-Kits\AiPi-Voice-Assistant-V2/main.c:
166: multiple definition of `wifi_start_firmware_
task'; CMakeFiles/AiPi-Voice-Assistant-V2_bl616.e
lf.dir/main.c.obj:D:\AiPi-Open-Kits\AiPi-Voice-As
sistant-V2/main.c:166: first defined here
d:/aipi-open-kits/aithinker_ai-m6x_sdk/toolchain_
gcc_t-head_windows/bin/../lib/gcc/riscv64-unknown
-elf/10.2.0/../../../../riscv64-unknown-elf/bin/l
d.exe: build_out\lib\libapp.a(main.c.obj): in fun
ction `wifi_event_handler':
D:\AiPi-Open-Kits\AiPi-Voice-Assistant-V2/main.c:
191: multiple definition of `wifi_event_handler';
 CMakeFiles/AiPi-Voice-Assistant-V2_bl616.elf.dir
/main.c.obj:D:\AiPi-Open-Kits\AiPi-Voice-Assistan
t-V2/main.c:191: first defined here
d:/aipi-open-kits/aithinker_ai-m6x_sdk/toolchain_
gcc_t-head_windows/bin/../lib/gcc/riscv64-unknown
-elf/10.2.0/../../../../riscv64-unknown-elf/bin/l
d.exe: build_out\lib\libapp.a(main.c.obj): in fun
ction `test_http_connection':
D:\AiPi-Open-Kits\AiPi-Voice-Assistant-V2/main.c:
227: multiple definition of `test_http_connection
'; CMakeFiles/AiPi-Voice-Assistant-V2_bl616.elf.d
ir/main.c.obj:D:\AiPi-Open-Kits\AiPi-Voice-Assist
ant-V2/main.c:227: first defined here
d:/aipi-open-kits/aithinker_ai-m6x_sdk/toolchain_
gcc_t-head_windows/bin/../lib/gcc/riscv64-unknown
-elf/10.2.0/../../../../riscv64-unknown-elf/bin/l
d.exe: build_out\lib\libapp.a(main.c.obj): in fun
ction `voice_assistant_task':
D:\AiPi-Open-Kits\AiPi-Voice-Assistant-V2/main.c:
262: multiple definition of `voice_assistant_task
'; CMakeFiles/AiPi-Voice-Assistant-V2_bl616.elf.d
ir/main.c.obj:D:\AiPi-Open-Kits\AiPi-Voice-Assist
ant-V2/main.c:262: first defined here
d:/aipi-open-kits/aithinker_ai-m6x_sdk/toolchain_
gcc_t-head_windows/bin/../lib/gcc/riscv64-unknown
-elf/10.2.0/../../../../riscv64-unknown-elf/bin/l
d.exe: build_out\lib\libapp.a(main.c.obj): in fun
ction `main':
D:\AiPi-Open-Kits\AiPi-Voice-Assistant-V2/main.c:
442: multiple definition of `main'; CMakeFiles/Ai
Pi-Voice-Assistant-V2_bl616.elf.dir/main.c.obj:D:
\AiPi-Open-Kits\AiPi-Voice-Assistant-V2/main.c:44
2: first defined here
collect2.exe: error: ld returned 1 exit status
make[3]: *** [CMakeFiles\AiPi-Voice-Assistant-V2_
bl616.elf.dir\build.make:115: build_out/AiPi-Voic
e-Assistant-V2_bl616.elf] Error 1
make[2]: *** [CMakeFiles\Makefile2:718: CMakeFile
s/AiPi-Voice-Assistant-V2_bl616.elf.dir/all] Erro
r 2
make[1]: *** [Makefile:90: all] Error 2
make: *** [../aithinker_Ai-M6X_SDK/project.build:
73: build] Error 2
